// Jest Snapshot v1, https://goo.gl/fbAQLP

exports[`Badge should render correctly 1`] = `
<DocumentFragment>
  .c0 {
  padding: 5px 12px;
  border-radius: 5px;
  font-size: 0.9rem;
  text-transform: capitalize;
  color: var(--dark-green);
  background-color: var(--light-green);
  border: 1px solid var(--dark-green);
}

<span
    class="c0"
    label="efficiency"
  >
    efficiency
  </span>
</DocumentFragment>
`;
