// Jest Snapshot v1, https://goo.gl/fbAQLP

exports[`Badge should render correctly 1`] = `
<DocumentFragment>
  .c0 {
  display: inline-block;
  min-width: 80px;
  padding: 5px 12px;
  border-radius: 5px;
  font-size: 0.9rem;
  text-align: center;
  text-transform: capitalize;
  border: 1px solid;
}

<span
    class="c0 bg-emerald-200 border-emerald-600 text-emerald-800"
    label="efficiency"
  >
    efficiency
  </span>
</DocumentFragment>
`;
