// Jest Snapshot v1, https://goo.gl/fbAQLP

exports[`Header should render correctly 1`] = `
<DocumentFragment>
  <header
    class="sc-b7847057-0 dZtOfp"
  >
    <h1
      class="sc-b7847057-1 cziqCN"
    >
      Metrics
    </h1>
    <div
      class="sc-b7847057-2 jJJInG"
    >
      <label
        class="MuiFormLabel-root MuiInputLabel-root MuiInputLabel-animated MuiFormLabel-colorPrimary MuiInputLabel-root MuiInputLabel-animated css-jm0w15-MuiFormLabel-root-MuiInputLabel-root"
        id="category-label"
      >
        Select a category
      </label>
      <div
        class="MuiInputBase-root MuiOutlinedInput-root MuiInputBase-colorPrimary select-category css-1y0cggy-MuiInputBase-root-MuiOutlinedInput-root-MuiSelect-root"
        data-testid="category-select"
      >
        <div
          aria-controls=":r0:"
          aria-expanded="false"
          aria-haspopup="listbox"
          aria-labelledby="category-label category-select"
          class="MuiSelect-select MuiSelect-outlined MuiInputBase-input MuiOutlinedInput-input css-11u53oe-MuiSelect-select-MuiInputBase-input-MuiOutlinedInput-input"
          id="category-select"
          role="combobox"
          tabindex="0"
        >
          efficiency
        </div>
        <input
          aria-hidden="true"
          aria-invalid="false"
          class="MuiSelect-nativeInput css-yf8vq0-MuiSelect-nativeInput"
          tabindex="-1"
          value="efficiency"
        />
        <svg
          aria-hidden="true"
          class="MuiSvgIcon-root MuiSvgIcon-fontSizeMedium MuiSelect-icon MuiSelect-iconOutlined css-hfutr2-MuiSvgIcon-root-MuiSelect-icon"
          data-testid="ArrowDropDownIcon"
          focusable="false"
          viewBox="0 0 24 24"
        >
          <path
            d="M7 10l5 5 5-5z"
          />
        </svg>
        <fieldset
          aria-hidden="true"
          class="MuiOutlinedInput-notchedOutline css-1d3z3hw-MuiOutlinedInput-notchedOutline"
        >
          <legend
            class="css-yjsfm1"
          >
            <span>
              efficiency
            </span>
          </legend>
        </fieldset>
      </div>
    </div>
  </header>
</DocumentFragment>
`;
