// Jest Snapshot v1, https://goo.gl/fbAQLP

exports[`BarChart should render correctly 1`] = `
<DocumentFragment>
  <div
    class="sc-b143385c-0 jNqabe"
  >
    <h2
      class="sc-b143385c-1 mKzdD"
    >
      Bar Chart Title
    </h2>
    <div
      class="w-full h-80 mt-6"
    >
      <div
        class="h-full w-full"
      />
    </div>
  </div>
</DocumentFragment>
`;
